Return	true
Dump	[$["archs":"", "mode":"installation", "name":"initial", "proposal_modules":["hwinfo", "keyboard", "mouse", "partitions_new", "bootloader_new", "software", "language", "runlevel", "module_1", "module_2"], "proposal_tabs":[$["label":"Overview", "proposal_modules":["partitions_new", "bootloader_new", "software_simple", "language_simple"]], $["label":"Expert", "proposal_modules":["hwinfo", "keyboard", "mouse", "partitions_new", "bootloader_new", "software", "language", "runlevel"]], $["label":"product name", "proposal_modules":["module_1", "module_2"], "textdomain":"textdomain"]], "stage":"initial"]]
Dump	======================================================
Return	true
Dump	[$["archs":"", "mode":"installation", "name":"initial", "proposal_modules":["hwinfo", "keyboard", "mouse", "partitions", "software", "bootloader", "timezone", "language", "runlevel"], "proposal_tabs":[$["label":"Overview", "proposal_modules":["partitions", "software_simple", "language_simple"]], $["label":"Expert", "proposal_modules":["hwinfo", "keyboard", "mouse", "partitions", "software", "bootloader", "timezone", "language", "runlevel"]]], "stage":"initial"], $["archs":"i386", "mode":"installation", "name":"initial", "proposal_modules":["hwinfo", "keyboard", "mouse", "partitions_new", "bootloader_new", "software", "language", "runlevel", "module_1", "module_2"], "proposal_tabs":[$["label":"Overview", "proposal_modules":["partitions_new", "bootloader_new", "software_simple", "language_simple"]], $["label":"Expert", "proposal_modules":["hwinfo", "keyboard", "mouse", "partitions_new", "bootloader_new", "software", "language", "runlevel"]], $["label":"product name", "proposal_modules":["module_1", "module_2"], "textdomain":"textdomain"]], "stage":"initial"]]
Dump	======================================================
Return	true
Dump	[$["archs":"", "mode":"", "name":"network", "proposal_modules":[$["name":"network_manager", "presentation_order":"20"], $["name":"dsl", "presentation_order":"30"], $["name":"isdn", "presentation_order":"40"], $["name":"modem", "presentation_order":"50"], $["name":"remote", "presentation_order":"60"], $["name":"module_1", "presentation_order":9999], $["name":"module_2", "presentation_order":9999]], "stage":"continue"]]
