Return	[$["defaults":$["archs":"i386"], "label":"Preparation", "mode":"installation", "modules":[$["arguments":$["first_run":"yes"], "enable_back":"no", "enable_next":"yes", "label":"Language", "name":"language", "retranslate":true], $["label":"Perform Installation", "name":"finish"]], "stage":"initial"], $["defaults":$["archs":"x86_64"], "label":"Preparation", "mode":"installation", "modules":[$["arguments":$["first_run":"yes"], "enable_back":"no", "enable_next":"yes", "label":"Language", "name":"language", "retranslate":true], $["label":"Perform Installation", "name":"finish"]], "stage":"initial"], $["defaults":$["archs":"i386"], "label":"Preparation", "mode":"update", "modules":[$["arguments":$["first_run":"yes"], "enable_back":"no", "enable_next":"yes", "label":"Language", "name":"language", "retranslate":true], $["label":"Perform Installation", "name":"finish"]], "stage":"initial"], $["defaults":$["archs":"x86_64"], "label":"Preparation", "mode":"update", "modules":[$["arguments":$["first_run":"yes"], "enable_back":"no", "enable_next":"yes", "label":"Language", "name":"language", "retranslate":true], $["label":"Perform Installation", "name":"finish"]], "stage":"initial"]]
