Return	[$["archs":"", "mode":"installation", "name":"initial", "proposal_modules":["hwinfo", "keyboard", "mouse", "partitions", "software", "bootloader", "timezone", "language", "runlevel"], "proposal_tabs":[$["label":"Overview", "proposal_modules":["partitions", "software_simple", "language_simple"]], $["label":"Expert", "proposal_modules":["hwinfo", "keyboard", "mouse", "partitions", "software", "bootloader", "timezone", "language", "runlevel"]]], "stage":"initial"], $["archs":"", "mode":"demo", "name":"initial", "proposal_modules":["hwinfo", "keyboard", "mouse", "partitions", "software", "bootloader", "timezone", "language", "runlevel"], "proposal_tabs":[$["label":"Overview", "proposal_modules":["partitions", "software_simple", "language_simple"]], $["label":"Expert", "proposal_modules":["hwinfo", "keyboard", "mouse", "partitions", "software", "bootloader", "timezone", "language", "runlevel"]]], "stage":"initial"], $["archs":"", "mode":"autoinstallation", "name":"initial", "proposal_modules":["hwinfo", "keyboard", "mouse", "partitions", "software", "bootloader", "timezone", "language", "runlevel"], "proposal_tabs":[$["label":"Overview", "proposal_modules":["partitions", "software_simple", "language_simple"]], $["label":"Expert", "proposal_modules":["hwinfo", "keyboard", "mouse", "partitions", "software", "bootloader", "timezone", "language", "runlevel"]]], "stage":"initial"], $["archs":"", "mode":"", "name":"network", "proposal_modules":[$["name":"lan", "presentation_order":"20"], $["name":"dsl", "presentation_order":"30"], $["name":"isdn", "presentation_order":"40"], $["name":"modem", "presentation_order":"50"], $["name":"remote", "presentation_order":"60"], $["name":"firewall", "presentation_order":"10"], $["name":"proxy", "presentation_order":"70"]], "stage":"continue"], $["archs":"", "mode":"", "name":"network", "proposal_modules":[$["name":"lan", "presentation_order":"20"], $["name":"dsl", "presentation_order":"30"], $["name":"isdn", "presentation_order":"40"], $["name":"modem", "presentation_order":"50"], $["name":"remote", "presentation_order":"60"], $["name":"firewall", "presentation_order":"10"], $["name":"proxy", "presentation_order":"70"]], "stage":"normal"]]
